Archive member included because of file (symbol)

/opt/RidgeRun/arm-eabi-uclibc/lib/gcc/arm-linux-uclibcgnueabi/4.1.1/../../../../arm-linux-uclibcgnueabi/lib/libm.a(s_atan.o)
                              nsf.o (atan)
/opt/RidgeRun/arm-eabi-uclibc/lib/gcc/arm-linux-uclibcgnueabi/4.1.1/../../../../arm-linux-uclibcgnueabi/lib/libm.a(s_cos.o)
                              nsf.o (cos)
/opt/RidgeRun/arm-eabi-uclibc/lib/gcc/arm-linux-uclibcgnueabi/4.1.1/../../../../arm-linux-uclibcgnueabi/lib/libm.a(s_fabs.o)
                              /opt/RidgeRun/arm-eabi-uclibc/lib/gcc/arm-linux-uclibcgnueabi/4.1.1/../../../../arm-linux-uclibcgnueabi/lib/libm.a(s_atan.o) (__GI_fabs)
/opt/RidgeRun/arm-eabi-uclibc/lib/gcc/arm-linux-uclibcgnueabi/4.1.1/../../../../arm-linux-uclibcgnueabi/lib/libm.a(s_sin.o)
                              nsf.o (sin)
/opt/RidgeRun/arm-eabi-uclibc/lib/gcc/arm-linux-uclibcgnueabi/4.1.1/../../../../arm-linux-uclibcgnueabi/lib/libm.a(w_log.o)
                              mappers/emu2413.o (log)
/opt/RidgeRun/arm-eabi-uclibc/lib/gcc/arm-linux-uclibcgnueabi/4.1.1/../../../../arm-linux-uclibcgnueabi/lib/libm.a(w_log10.o)
                              mappers/emu2413.o (log10)
/opt/RidgeRun/arm-eabi-uclibc/lib/gcc/arm-linux-uclibcgnueabi/4.1.1/../../../../arm-linux-uclibcgnueabi/lib/libm.a(w_pow.o)
                              mappers/emu2413.o (pow)
/opt/RidgeRun/arm-eabi-uclibc/lib/gcc/arm-linux-uclibcgnueabi/4.1.1/../../../../arm-linux-uclibcgnueabi/lib/libm.a(w_sqrt.o)
                              nsf.o (sqrt)
/opt/RidgeRun/arm-eabi-uclibc/lib/gcc/arm-linux-uclibcgnueabi/4.1.1/../../../../arm-linux-uclibcgnueabi/lib/libm.a(e_log.o)
                              /opt/RidgeRun/arm-eabi-uclibc/lib/gcc/arm-linux-uclibcgnueabi/4.1.1/../../../../arm-linux-uclibcgnueabi/lib/libm.a(w_log.o) (__ieee754_log)
/opt/RidgeRun/arm-eabi-uclibc/lib/gcc/arm-linux-uclibcgnueabi/4.1.1/../../../../arm-linux-uclibcgnueabi/lib/libm.a(e_log10.o)
                              /opt/RidgeRun/arm-eabi-uclibc/lib/gcc/arm-linux-uclibcgnueabi/4.1.1/../../../../arm-linux-uclibcgnueabi/lib/libm.a(w_log10.o) (__ieee754_log10)
/opt/RidgeRun/arm-eabi-uclibc/lib/gcc/arm-linux-uclibcgnueabi/4.1.1/../../../../arm-linux-uclibcgnueabi/lib/libm.a(e_pow.o)
                              /opt/RidgeRun/arm-eabi-uclibc/lib/gcc/arm-linux-uclibcgnueabi/4.1.1/../../../../arm-linux-uclibcgnueabi/lib/libm.a(w_pow.o) (__ieee754_pow)
/opt/RidgeRun/arm-eabi-uclibc/lib/gcc/arm-linux-uclibcgnueabi/4.1.1/../../../../arm-linux-uclibcgnueabi/lib/libm.a(e_rem_pio2.o)
                              /opt/RidgeRun/arm-eabi-uclibc/lib/gcc/arm-linux-uclibcgnueabi/4.1.1/../../../../arm-linux-uclibcgnueabi/lib/libm.a(s_cos.o) (__ieee754_rem_pio2)
/opt/RidgeRun/arm-eabi-uclibc/lib/gcc/arm-linux-uclibcgnueabi/4.1.1/../../../../arm-linux-uclibcgnueabi/lib/libm.a(e_sqrt.o)
                              /opt/RidgeRun/arm-eabi-uclibc/lib/gcc/arm-linux-uclibcgnueabi/4.1.1/../../../../arm-linux-uclibcgnueabi/lib/libm.a(w_sqrt.o) (__ieee754_sqrt)
/opt/RidgeRun/arm-eabi-uclibc/lib/gcc/arm-linux-uclibcgnueabi/4.1.1/../../../../arm-linux-uclibcgnueabi/lib/libm.a(k_cos.o)
                              /opt/RidgeRun/arm-eabi-uclibc/lib/gcc/arm-linux-uclibcgnueabi/4.1.1/../../../../arm-linux-uclibcgnueabi/lib/libm.a(s_cos.o) (__kernel_cos)
/opt/RidgeRun/arm-eabi-uclibc/lib/gcc/arm-linux-uclibcgnueabi/4.1.1/../../../../arm-linux-uclibcgnueabi/lib/libm.a(k_rem_pio2.o)
                              /opt/RidgeRun/arm-eabi-uclibc/lib/gcc/arm-linux-uclibcgnueabi/4.1.1/../../../../arm-linux-uclibcgnueabi/lib/libm.a(e_rem_pio2.o) (__kernel_rem_pio2)
/opt/RidgeRun/arm-eabi-uclibc/lib/gcc/arm-linux-uclibcgnueabi/4.1.1/../../../../arm-linux-uclibcgnueabi/lib/libm.a(k_sin.o)
                              /opt/RidgeRun/arm-eabi-uclibc/lib/gcc/arm-linux-uclibcgnueabi/4.1.1/../../../../arm-linux-uclibcgnueabi/lib/libm.a(s_cos.o) (__kernel_sin)
/opt/RidgeRun/arm-eabi-uclibc/lib/gcc/arm-linux-uclibcgnueabi/4.1.1/../../../../arm-linux-uclibcgnueabi/lib/libm.a(s_floor.o)
                              /opt/RidgeRun/arm-eabi-uclibc/lib/gcc/arm-linux-uclibcgnueabi/4.1.1/../../../../arm-linux-uclibcgnueabi/lib/libm.a(k_rem_pio2.o) (__GI_floor)
/opt/RidgeRun/arm-eabi-uclibc/lib/gcc/arm-linux-uclibcgnueabi/4.1.1/../../../../arm-linux-uclibcgnueabi/lib/libm.a(s_scalbn.o)
                              /opt/RidgeRun/arm-eabi-uclibc/lib/gcc/arm-linux-uclibcgnueabi/4.1.1/../../../../arm-linux-uclibcgnueabi/lib/libm.a(e_pow.o) (__GI_scalbn)
/opt/RidgeRun/arm-eabi-uclibc/lib/gcc/arm-linux-uclibcgnueabi/4.1.1/../../../../arm-linux-uclibcgnueabi/lib/libm.a(s_copysign.o)
                              /opt/RidgeRun/arm-eabi-uclibc/lib/gcc/arm-linux-uclibcgnueabi/4.1.1/../../../../arm-linux-uclibcgnueabi/lib/libm.a(s_scalbn.o) (__GI_copysign)
/home/joe/work/opendidj/rootfs//usr/lib/libz.a(compress.o)
                              video.o (compress)
/home/joe/work/opendidj/rootfs//usr/lib/libz.a(crc32.o)
[...]
Memory Configuration

Name             Origin             Length             Attributes
*default*        0x00000000         0xffffffff

Linker script and memory map

LOAD /opt/RidgeRun/arm-eabi-uclibc/lib/gcc/arm-linux-uclibcgnueabi/4.1.1/../../../../arm-linux-uclibcgnueabi/lib/crt1.o
LOAD /opt/RidgeRun/arm-eabi-uclibc/lib/gcc/arm-linux-uclibcgnueabi/4.1.1/../../../../arm-linux-uclibcgnueabi/lib/crti.o
LOAD /opt/RidgeRun/arm-eabi-uclibc/lib/gcc/arm-linux-uclibcgnueabi/4.1.1/crtbeginT.o
LOAD fce.o
LOAD video.o
LOAD general.o
LOAD endian.o
LOAD svga.o
LOAD sound.o
LOAD nsf.o
LOAD fds.o
LOAD netplay.o
LOAD ines.o
LOAD state.o
LOAD unif.o
LOAD input.o
LOAD file.o
LOAD cart.o
LOAD crc32.o
LOAD memory.o
LOAD cheat.o
LOAD debug.o
LOAD md5.o
LOAD vsuni.o
LOAD palette.o
LOAD mappers/113.o
LOAD mappers/15.o
LOAD mappers/151.o
LOAD mappers/16.o
LOAD mappers/17.o
LOAD mappers/18.o
LOAD mappers/180.o
LOAD mappers/183.o
LOAD mappers/184.o
LOAD mappers/193.o
LOAD mappers/200.o
LOAD mappers/201.o
LOAD mappers/202.o
LOAD mappers/203.o
LOAD mappers/204.o
LOAD mappers/21.o
LOAD mappers/212.o
LOAD mappers/213.o
LOAD mappers/214.o
LOAD mappers/215.o
LOAD mappers/217.o
LOAD mappers/22.o
LOAD mappers/225.o
LOAD mappers/226.o
LOAD mappers/227.o
LOAD mappers/228.o
LOAD mappers/229.o
LOAD mappers/23.o
LOAD mappers/230.o
LOAD mappers/231.o
LOAD mappers/232.o
LOAD mappers/234.o
LOAD mappers/240.o
LOAD mappers/241.o
LOAD mappers/242.o
LOAD mappers/244.o
LOAD mappers/246.o
LOAD mappers/24and26.o
LOAD mappers/25.o
LOAD mappers/255.o
LOAD mappers/27.o
LOAD mappers/32.o
LOAD mappers/33.o
LOAD mappers/40.o
LOAD mappers/41.o
LOAD mappers/42.o
LOAD mappers/43.o
LOAD mappers/46.o
LOAD mappers/50.o
LOAD mappers/51.o
LOAD mappers/59.o
LOAD mappers/6.o
LOAD mappers/60.o
LOAD mappers/61.o
LOAD mappers/62.o
LOAD mappers/65.o
LOAD mappers/67.o
LOAD mappers/68.o
LOAD mappers/69.o
LOAD mappers/71.o
LOAD mappers/72.o
LOAD mappers/73.o
LOAD mappers/75.o
LOAD mappers/76.o
LOAD mappers/77.o
LOAD mappers/79.o
LOAD mappers/8.o
LOAD mappers/80.o
LOAD mappers/82.o
LOAD mappers/83.o
LOAD mappers/85.o
LOAD mappers/86.o
LOAD mappers/89.o
LOAD mappers/91.o
LOAD mappers/92.o
LOAD mappers/97.o
LOAD mappers/99.o
LOAD mappers/emu2413.o
LOAD mappers/mmc2and4.o
LOAD mappers/simple.o
LOAD boards/112.o
LOAD boards/117.o
LOAD boards/164.o
LOAD boards/183.o
LOAD boards/185.o
LOAD boards/186.o
LOAD boards/187.o
LOAD boards/189.o
LOAD boards/208.o
LOAD boards/222.o
LOAD boards/235.o
LOAD boards/57.o
LOAD boards/8157.o
LOAD boards/8237.o
LOAD boards/88.o
LOAD boards/90.o
LOAD boards/95.o
LOAD boards/bmc13in1jy110.o
LOAD boards/bmc42in1r.o
LOAD boards/bmc64in1nr.o
LOAD boards/bmc70in1.o
LOAD boards/bmcgk192.o
LOAD boards/bonza.o
LOAD boards/cc21.o
LOAD boards/datalatch.o
LOAD boards/deirom.o
LOAD boards/dream.o
LOAD boards/fk23c.o
LOAD boards/h2288.o
LOAD boards/karaoke.o
LOAD boards/kof97.o
LOAD boards/konami-qtai.o
LOAD boards/malee.o
LOAD boards/mmc1.o
LOAD boards/mmc3.o
LOAD boards/mmc5.o
LOAD boards/n106.o
LOAD boards/novel.o
LOAD boards/sachen.o
LOAD boards/sheroes.o
LOAD boards/sl1632.o
LOAD boards/sonic5.o
LOAD boards/subor.o
LOAD boards/super24.o
LOAD boards/supervision.o
LOAD boards/t-262.o
LOAD boards/tengen.o
LOAD boards/__dummy_mapper.o
LOAD input/cursor.o
LOAD input/zapper.o
LOAD input/powerpad.o
LOAD input/arkanoid.o
LOAD input/shadow.o
LOAD input/fkb.o
LOAD input/hypershot.o
LOAD input/mahjong.o
LOAD input/oekakids.o
LOAD input/ftrainer.o
LOAD input/quiz.o
LOAD input/toprider.o
LOAD input/bworld.o
LOAD input/suborkb.o
LOAD drivers/LF1000/minimal.o
LOAD drivers/LF1000/cpuctrl.o
LOAD drivers/LF1000/squidgehack.o
LOAD drivers/LF1000/asmutils.o
LOAD drivers/LF1000/gp2x.o
LOAD drivers/LF1000/main.o
LOAD drivers/LF1000/throttle.o
LOAD drivers/LF1000/unix-netplay.o
LOAD drivers/LF1000/gp2x-sound.o
LOAD drivers/LF1000/gp2x-video.o
LOAD drivers/LF1000/usbjoy.o
LOAD drivers/LF1000/menu.o
LOAD drivers/LF1000/fonts.o
LOAD drivers/LF1000/readpng.o
LOAD drivers/common/cheat.o
LOAD drivers/common/config.o
LOAD drivers/common/args.o
LOAD drivers/common/vidblit.o
LOAD zlib/unzip.o
LOAD ppu.o
LOAD movie.o
LOAD fceu098.o
LOAD ppu098.o
LOAD ncpu.o
LOAD /opt/RidgeRun/arm-eabi-uclibc/lib/gcc/arm-linux-uclibcgnueabi/4.1.1/../../../../arm-linux-uclibcgnueabi/lib/libm.a
LOAD /home/joe/work/opendidj/rootfs//usr/lib/libz.a
LOAD /home/joe/work/opendidj/rootfs//usr/lib/libpng.a
START GROUP
LOAD /opt/RidgeRun/arm-eabi-uclibc/lib/gcc/arm-linux-uclibcgnueabi/4.1.1/libgcc.a
LOAD /opt/RidgeRun/arm-eabi-uclibc/lib/gcc/arm-linux-uclibcgnueabi/4.1.1/libgcc_eh.a
LOAD /opt/RidgeRun/arm-eabi-uclibc/lib/gcc/arm-linux-uclibcgnueabi/4.1.1/../../../../arm-linux-uclibcgnueabi/lib/libc.a
END GROUP
LOAD /opt/RidgeRun/arm-eabi-uclibc/lib/gcc/arm-linux-uclibcgnueabi/4.1.1/crtend.o
LOAD /opt/RidgeRun/arm-eabi-uclibc/lib/gcc/arm-linux-uclibcgnueabi/4.1.1/../../../../arm-linux-uclibcgnueabi/lib/crtn.o
                0x00008000                PROVIDE (__executable_start, 0x8000)
                0x000080d4                . = (0x8000 + SIZEOF_HEADERS)

.interp
 *(.interp)

.hash
 *(.hash)

.dynsym
 *(.dynsym)

.dynstr
 *(.dynstr)

.gnu.version
 *(.gnu.version)

.gnu.version_d
 *(.gnu.version_d)

.gnu.version_r
 *(.gnu.version_r)

.rel.dyn        0x000080d4        0x0
 *(.rel.init)
 *(.rel.text .rel.text.* .rel.gnu.linkonce.t.*)
 *(.rel.fini)
 *(.rel.rodata .rel.rodata.* .rel.gnu.linkonce.r.*)
 *(.rel.data.rel.ro* .rel.gnu.linkonce.d.rel.ro.*)
 *(.rel.data .rel.data.* .rel.gnu.linkonce.d.*)
 *(.rel.tdata .rel.tdata.* .rel.gnu.linkonce.td.*)
 *(.rel.tbss .rel.tbss.* .rel.gnu.linkonce.tb.*)
 *(.rel.ctors)
 *(.rel.dtors)
 *(.rel.got)
 *(.rel.bss .rel.bss.* .rel.gnu.linkonce.b.*)

.rela.dyn
 *(.rela.init)
 *(.rela.text .rela.text.* .rela.gnu.linkonce.t.*)
 *(.rela.fini)
 *(.rela.rodata .rela.rodata.* .rela.gnu.linkonce.r.*)
 *(.rela.data .rela.data.* .rela.gnu.linkonce.d.*)
 *(.rela.tdata .rela.tdata.* .rela.gnu.linkonce.td.*)
 *(.rela.tbss .rela.tbss.* .rela.gnu.linkonce.tb.*)
 *(.rela.ctors)
 *(.rela.dtors)
 *(.rela.got)
 *(.rela.bss .rela.bss.* .rela.gnu.linkonce.b.*)

.rel.plt
 *(.rel.plt)

.rela.plt
 *(.rela.plt)

.init           0x000080d4        0x8
 *(.init)
 .init          0x000080d4        0x4 /opt/RidgeRun/arm-eabi-uclibc/lib/gcc/arm-linux-uclibcgnueabi/4.1.1/../../../../arm-linux-uclibcgnueabi/lib/crti.o
                0x000080d4                _init
 .init          0x000080d8        0x4 /opt/RidgeRun/arm-eabi-uclibc/lib/gcc/arm-linux-uclibcgnueabi/4.1.1/../../../../arm-linux-uclibcgnueabi/lib/crtn.o

.plt
 *(.plt)

.text           0x000080e0    0x85300
 *(.text .stub .text.* .gnu.linkonce.t.*)
 .text          0x000080e0       0x3c /opt/RidgeRun/arm-eabi-uclibc/lib/gcc/arm-linux-uclibcgnueabi/4.1.1/../../../../arm-linux-uclibcgnueabi/lib/crt1.o
                0x000080e0                _start
 .text          0x0000811c       0x9c /opt/RidgeRun/arm-eabi-uclibc/lib/gcc/arm-linux-uclibcgnueabi/4.1.1/crtbeginT.o
 .text          0x000081b8     0x5098 fce.o
                0x0000a3ec                FCEUI_LoadGame
                0x000098b8                ResetNES081
                0x00008718                BGRender
                0x00009aac                ResetMapping
                0x000098a4                FCEUI_CloseGame
                0x00008260                BNull
                0x0000a0f8                FCEUI_Initialize
                0x00008388                GetWriteHandler
                0x000081b8                asmcpu_pack
                0x00008808                FCEUI_FrameSkip
                0x00009d74                PowerNES
                0x00008264                ANull
                0x00009a38                CloseGame
                0x0000a26c                ResetGameLoaded
                0x000082bc                SetReadHandler
                0x0000a04c                asmcpu_unpack
                0x00009f48                FlushGenieRW
                0x00008274                GetReadHandler
                0x0000999c                FCEU_ResetVidSys
                0x00009984                FCEUI_Kill
                0x00009840                FCEUI_SetEmuMode
                0x00009fe0                AllocGenieRW
                0x000083d0                SetWriteHandler
 .text          0x0000d250      0x440 video.o
                0x0000d634                InitVirtualVideo
                0x0000d370                SaveSnapshot
 .text          0x0000d690      0x750 general.o
                0x0000d7e0                FCEU_MakePath
                0x0000d85c                FCEU_MakeFName
                0x0000ddb0                FCEUI_SetBaseDirectory
                0x0000d690                FCEUI_SetDirOverride
                0x0000d6d8                GetFileBase
                0x0000d6a4                uppow2
                0x0000dd24                FCEU_GetPath
 .text          0x0000dde0      0x108 endian.o
                0x0000dea4                write16
                0x0000dde0                read16
                0x0000de10                read32
                0x0000de50                write32
 .text          0x0000dee8      0xbc4 svga.o
                0x0000e660                FCEUI_LoadState
                0x0000defc                FCEUI_SetRenderedLines
                0x0000e678                FCEUI_SaveState
                0x0000e6c0                FCEU_DispMessage
                0x0000dfac                FCEUI_SetSnapName
                0x0000e484                FCEU_PutImageDummy
                0x0000e71c                FCEU_PrintError
                0x0000df40                FCEUI_GetCurrentVidSystem
                0x0000e76c                FCEU_PutImage
                0x0000e4a0                DrawTextTrans
                0x0000e00c                DriverInterface
                0x0000e3ac                FCEU_DrawRecordingStatusN
                0x0000df94                FCEUI_SetGameGenie
                0x0000e690                FCEUI_SetVidSystem
                0x0000dfd0                FCEUI_GetDesiredFPS
                0x0000dfcc                FCEUI_SelectState
                0x0000dff8                FCEUI_SaveSnapshot
                0x0000e078                DrawTextLineBG
                0x0000dee8                FCEU_CancelDispMessage
                0x0000e0fc                FCEU_DrawNumberRow
                0x0000dfbc                FCEUI_SaveExtraDataUnderBase
 .text          0x0000eaac     0x2628 sound.o
                0x00010458                SetNESSoundMap
                0x00010fa4                PowerSound
                0x0000fc4c                FlushEmulateSound
                0x00010448                FCEUI_Sound
                0x0000f200                FrameSoundUpdate
                0x0000ffc0                FCEUI_SetSoundVolume
                0x0000eae8                Read_PSG
                0x0000ffd0                SetSoundVariables
                0x0000fed4                ResetSound
                0x0000ff7c                FixOldSaveStateSFreq
                0x00010f10                Write_IRQFM
                0x0000eb6c                Read_PSGDummy
                0x0000feb8                GetSoundBuffer
 .text          0x000110d4     0x18ac nsf.o
                0x00011144                FCEUI_NSFGetInfo
                0x000110e4                FCEUI_NSFSetVis
                0x00012440                NSF_init
                0x00011bdc                NSFLoad
                0x0001119c                DoNSFFrame
                0x000110f4                FCEUI_NSFChange
                0x000111e8                DrawNSF
                0x0001285c                NSFGI
 .text          0x00012980     0x1af8 fds.o
                0x00013128                FDSSound
                0x00013584                FCEU_FDSSelect
                0x00013608                FCEU_FDSInsert
                0x00013238                FDSSoundStateAdd
                0x000139c0                FDSLoad
                0x00013ecc                FDSSoundReset
                0x00013fc0                FDSGI
 .text          0x00014478     0x1e88 ines.o
                0x00014920                VROM_BANK2
                0x000148c8                VROM_BANK4
                0x00014868                VROM_BANK8
                0x000144ec                VRAM_BANK4
                0x00014c40                iNESLoad
                0x00014bb8                CheckBad
                0x0001471c                MIRROR_SET
                0x00014494                VRAM_BANK1
                0x00014820                ROM_BANK16
                0x0001477c                onemir
                0x000146e8                VROM_BANK1
                0x00014588                ROM_BANK8
                0x00014750                MIRROR_SET2
                0x000145bc                iNESStateRestore
                0x000147c0                ROM_BANK32
 .text          0x00016300     0x2094 state.o
                0x00017148                SaveState
                0x00016314                AddExState
                0x000173e4                FCEUSS_LoadFP
                0x00016300                SaveStateRefresh
                0x00016424                ResetExState
                0x000182f0                LoadState
 .text          0x00018394      0xe3c unif.o
                0x0001868c                LoadUNIFChunks
                0x00018d54                UNIFLoad
 .text          0x000191d0     0x1084 input.o
                0x00019c80                FCEUI_SetInput
                0x00019828                FCEU_DoSimpleCommand
                0x00019c50                FCEUI_VSUniToggleDIP
                0x00019a74                UpdateInput
                0x00019818                FCEUI_DisableFourScore
                0x00019df8                InitializeInput
                0x00019914                FCEU_QSimpleCommand
                0x00019c40                FCEUI_PowerNES
                0x00019c48                FCEUI_ResetNES
                0x00019918                FCEUI_SetInputFC
                0x000191d0                FCEU_GetJoyJoy
                0x00019c60                FCEUI_FDSInsert
                0x000194fc                DrawInput
                0x00019c38                FCEUI_FDSSelect
                0x00019c58                FCEUI_VSUniCoin
 .text          0x0001a254      0xa78 file.o
                0x0001a954                FCEU_fopen_forcemem
                0x0001a38c                FCEU_rewind
                0x0001a364                FCEU_read32
                0x0001a438                FCEU_fopen
                0x0001a284                FCEU_fgetsize
                0x0001a3dc                FCEU_fread
                0x0001a254                FCEU_fisarchive
                0x0001a3b4                FCEU_fwrite
                0x0001a404                FCEU_fclose
                0x0001a25c                FCEU_ftell
                0x0001a308                FCEU_fgetc
                0x0001a548                ApplyIPS
                0x0001a2e0                FCEU_fseek
 .text          0x0001accc     0x3220 cart.o
                0x0001b51c                FCEU_SaveGameSave
                0x0001ae6c                SetupCartCHRMapping
                0x0001daf0                setprg8
                0x0001cb3c                setprg8r
                0x0001add0                SetupCartPRGMapping
                0x0001b8c0                OpenGenie
                0x0001bdc4                setvramb1
                0x0001c2fc                setprg2r
                0x0001b4f0                FCEU_KillGenie
                0x0001bb74                setmirrorw
                0x0001af60                setvram8
                0x0001b71c                CloseGenie
                0x0001be24                setchr8r
                0x0001af04                CartBW
                0x0001b2ec                DumpEmptyCartMapping
                0x0001cfe4                setprg4
                0x0001c060                setchr2r
                0x0001ba80                setmirror
                0x0001c388                setprg32r
                0x0001c8e4                setprg16r
                0x0001cf54                setprg2
                0x0001bbd8                setntamem
                0x0001dc98                setprg16
                0x0001b3ac                FCEU_LoadGameSave
                0x0001c254                setprg4r
                0x0001bc60                setvramb8
                0x0001d264                setchr4
                0x0001ce24                SetupCartMirroring
                0x0001d088                setchr1
                0x0001d598                setprg32
                0x0001bcd8                setvramb4
                0x0001bd58                setvramb2
                0x0001b758                FixGenieMap
                0x0001afa0                setvram4
                0x0001bf58                setchr4r
                0x0001ccec                setchr8
                0x0001af34                CartBROB
                0x0001d170                setchr2
                0x0001aeec                CartBR
                0x0001c160                setchr1r
                0x0001b13c                GenieSetPages
                0x0001accc                ResetCartMapping
                0x0001b5f8                GeniePower
 .text          0x0001deec       0xfc memory.o
                0x0001df88                FCEU_malloc
                0x0001df58                FCEU_gfree
                0x0001df70                FCEU_free
                0x0001dfb4                FCEU_gmalloc
                0x0001deec                FCEU_memmove
 .text          0x0001dfe8     0x2754 cheat.o
                0x0001fba0                FCEUI_DelCheat
                0x0001f1ec                FCEUI_CheatSearchEnd
                0x0001e108                FCEUI_ListCheats
                0x0001e2bc                FCEUI_CheatSearchGetCount
                0x0001f5bc                FCEUI_CheatSearchBegin
                0x0001e008                FCEU_CheatAddRAM
                0x0001f84c                FCEUI_ToggleCheat
                0x0001e0ac                FCEU_ApplyPeriodicCheats
                0x0001fd64                FCEUI_AddCheat
                0x0001e17c                FCEUI_GetCheat
                0x0001e230                FCEUI_CheatSearchSetCurrentAsOriginal
                0x0001e290                FCEUI_CheatSearchShowExcluded
                0x0001f76c                FCEU_PowerCheats
                0x0002036c                FCEU_LoadGameCheats
                0x0001f9cc                FCEUI_SetCheat
                0x0001f678                FCEUI_CheatSearchGetRange
                0x0001e4d8                FCEUI_DecodeGG
                0x0001f4ec                FCEUI_CheatSearchGet
                0x0001dfe8                FCEU_CheatResetRAM
                0x0001e3c0                RebuildSubCheats
                0x0001e31c                FCEUI_DecodePAR
                0x0001ff6c                FCEU_FlushGameCheats
 .text          0x0002073c       0xd4 debug.o
                0x0002073c                DumpMem
 .text          0x00020810     0x103c md5.o
                0x0002163c                md5_update
                0x00021718                md5_finish
                0x00021458                md5_asciistr
                0x00020810                md5_starts
                0x00020850                md5_process
 .text          0x0002184c      0x760 vsuni.o
                0x00021a80                FCEU_VSUniSwap
                0x00021ce8                FCEU_VSUniDraw
                0x00021acc                FCEU_VSUniCheck
                0x00021dcc                FCEU_VSUniPower
                0x00021884                FCEUI_VSUniGetDIPs
                0x00021868                FCEU_VSUniToggleDIP
                0x000218fc                FCEU_VSUniCoin
                0x00021f7c                FCEUI_VSUniSetDIP
                0x0002184c                FCEUI_VSUniToggleDIPView
 .text          0x00021fac     0x110c palette.o
                0x00022a58                FCEUI_NTSCDEC
                0x00022cd4                FCEUI_SetPaletteArray
                0x00022b24                FCEU_ResetPalette
                0x00022038                FCEUI_NTSCSELTINT
                0x00021fd0                FCEUI_NTSCSELHUE
                0x000221e8                SetNESDeemph
                0x00021fac                FCEUI_GetNTSCTH
                0x00022998                FCEUI_NTSCINC
                0x0002234c                FCEU_LoadGamePalette
                0x00022ef0                FCEUI_SetNTSCTH
                0x000220a0                FCEU_DrawNTSCControlBars
 .text          0x000230b8      0x120 mappers/113.o
                0x000230b8                Mapper113_init
                0x0002313c                Mapper113_writeh
                0x00023108                Mapper113_write
 .text          0x000231d8      0x260 mappers/15.o
                0x000233a4                Mapper15_init
 .text          0x00023438       0x90 mappers/151.o
                0x00023464                Mapper151_write
                0x00023438                Mapper151_init
 .text          0x000234c8      0xd50 mappers/16.o
                0x00023dd4                Mapper16_init
                0x00023d94                Mapper153_init
                0x00023e14                Mapper157_init
                0x00023530                FCEUI_DatachSet
 .text          0x00024218      0x2a4 mappers/17.o
                0x00024270                Mapper17_init
                0x000242b4                Mapper17_write
 .text          0x000244bc      0x2bc mappers/18.o
                0x00024564                Mapper18_write
                0x000244bc                JalecoIRQHook
                0x00024524                Mapper18_init
 .text          0x00024778       0x48 mappers/180.o
                0x00024778                Mapper180_init
                0x000247a4                Mapper180_write
 .text          0x000247c0       0x50 mappers/184.o
                0x000247ec                Mapper184_write
                0x000247c0                Mapper184_init
 .text          0x00024810       0xbc mappers/193.o
                0x00024810                Mapper193_init
 .text          0x000248cc       0x74 mappers/200.o
                0x000248cc                Mapper200_init
 .text          0x00024940       0x84 mappers/201.o
                0x00024988                Mapper201_init
 .text          0x000249c4       0x9c mappers/202.o
                0x000249c4                Mapper202_init
 .text          0x00024a60       0x8c mappers/203.o
                0x00024aa0                Mapper203_init
 .text          0x00024aec       0xa8 mappers/204.o
                0x00024aec                Mapper204_init
 .text          0x00024b94      0x398 mappers/21.o
                0x00024c8c                Mapper21_write
                0x00024c4c                Mapper21_init
 .text          0x00024f2c       0x9c mappers/212.o
                0x00024f2c                Mapper212_init
 .text          0x00024fc8       0x64 mappers/213.o
                0x00024ff0                Mapper213_init
 .text          0x0002502c       0x8c mappers/214.o
                0x0002506c                Mapper214_init
 .text          0x000250b8      0x124 mappers/22.o
                0x000250e4                Mapper22_write
                0x000250b8                Mapper22_init
 .text          0x000251dc      0x1fc mappers/225.o
                0x000252dc                Mapper225_init
                0x00025258                A110in1regwr
                0x000251dc                A110in1read
                0x00025330                Mapper225_write
 .text          0x000253d8      0x2a4 mappers/226.o
                0x000253d8                Mapper226_init
 .text          0x0002567c      0x1b4 mappers/227.o
                0x000257b4                Mapper227_init
 .text          0x00025830      0x120 mappers/228.o
                0x000258e8                Mapper228_init
 .text          0x00025950       0x9c mappers/229.o
                0x0002597c                Mapper229_write
                0x00025950                Mapper229_init
 .text          0x000259ec      0x398 mappers/23.o
                0x000259ec                KonamiIRQHook2
                0x00025aa0                Mapper23_init
 .text          0x00025d84      0x174 mappers/230.o
                0x00025d84                Mapper230_init
                0x00025e88                Mapper230_Reset
 .text          0x00025ef8       0x9c mappers/231.o
                0x00025ef8                Mapper231_init
 .text          0x00025f94      0x164 mappers/232.o
                0x00026080                Mapper232_write
                0x00025f94                Mapper232_init
 .text          0x000260f8      0x4a4 mappers/234.o
                0x00026458                R2W
                0x0002621c                R1W
                0x00026358                R2R
                0x000264e0                R1R
                0x000260f8                Mapper234_init
 .text          0x0002659c       0x68 mappers/240.o
                0x0002659c                Mapper240_init
                0x000265dc                Mapper240_write
 .text          0x00026604       0x90 mappers/241.o
                0x0002662c                Mapper241_init
 .text          0x00026694       0x9c mappers/242.o
                0x00026694                Mapper242_init
                0x000266c8                Mapper242_write
 .text          0x00026730       0x9c mappers/244.o
                0x00026754                Mapper244_init
 .text          0x000267cc       0xec mappers/246.o
                0x0002680c                Mapper246_write
                0x000267cc                Mapper246_init
 .text          0x000268b8     0x1160 mappers/24and26.o
                0x00027748                Mapper26_init
                0x000272e8                VRC6Sound
                0x00027940                NSFVRC6_Init
                0x00027844                Mapper24_init
 .text          0x00027a18      0x350 mappers/25.o
                0x00027acc                Mapper25_init
 .text          0x00027d68      0x130 mappers/255.o
                0x00027d94                Mapper255_init
 .text          0x00027e98      0x314 mappers/27.o
                0x00027ef0                Mapper27_init
 .text          0x000281ac      0x174 mappers/32.o
                0x000281ac                Mapper32_init
 .text          0x00028320      0x260 mappers/33.o
                0x000283cc                Mapper33_init
                0x0002836c                Mapper48_init
 .text          0x00028580      0x148 mappers/40.o
                0x0002864c                Mapper40_init
 .text          0x000286c8      0x124 mappers/41.o
                0x00028748                Mapper41_write
                0x000286f0                Mapper41_init
 .text          0x000287ec      0x1f4 mappers/42.o
                0x00028894                Mapper42_init
 .text          0x000289e0      0x1c0 mappers/43.o
                0x00028aec                Mapper43_init
 .text          0x00028ba0      0x104 mappers/46.o
                0x00028c4c                Mapper46_writel
                0x00028bf4                Mapper46_write
                0x00028ba0                Mapper46_init
 .text          0x00028ca4      0x1e0 mappers/50.o
                0x00028cf0                Mapper50_init
 .text          0x00028e84      0x2a8 mappers/51.o
                0x00028fdc                Mapper51_init
 .text          0x0002912c       0xc0 mappers/59.o
                0x0002912c                Mapper59_init
 .text          0x000291ec      0x534 mappers/6.o
                0x00029244                Mapper6_StateRestore
                0x000294f0                Mapper6_write
                0x0002947c                Mapper6_init
 .text          0x00029720       0x94 mappers/60.o
                0x00029720                Mapper60_init
 .text          0x000297b4       0xb0 mappers/61.o
                0x000297b4                Mapper61_init
 .text          0x00029864       0xa4 mappers/62.o
                0x00029864                Mapper62_init
 .text          0x00029908      0x24c mappers/65.o
                0x0002996c                Mapper65_init
                0x00029908                IREMIRQHook
 .text          0x00029b54      0x1f8 mappers/67.o
                0x00029bbc                Mapper67_init
 .text          0x00029d4c      0x614 mappers/68.o
                0x00029f4c                Mapper68_write
                0x00029d4c                Mapper68_init
 .text          0x0002a360      0xef8 mappers/69.o
                0x0002a480                Mapper69_StateRestore
                0x0002a698                Mapper69_ESI
                0x0002a71c                NSFAY_Init
                0x0002a7dc                Mapper69_init
 .text          0x0002b258       0x90 mappers/71.o
                0x0002b258                Mapper71_init
                0x0002b288                Mapper71_write
 .text          0x0002b2e8       0x74 mappers/72.o
                0x0002b2e8                Mapper72_init
                0x0002b314                Mapper72_write
 .text          0x0002b35c      0x1b4 mappers/73.o
                0x0002b3c8                Mapper73_init
 .text          0x0002b510      0x134 mappers/75.o
                0x0002b510                Mapper75_init
                0x0002b53c                Mapper75_write
 .text          0x0002b644      0x110 mappers/76.o
                0x0002b644                Mapper76_init
 .text          0x0002b754      0x164 mappers/77.o
                0x0002b754                Mapper77_init
 .text          0x0002b8b8       0x84 mappers/79.o
                0x0002b8b8                Mapper79_init
                0x0002b900                Mapper79_write
 .text          0x0002b93c       0x58 mappers/8.o
                0x0002b93c                Mapper8_init
 .text          0x0002b994      0x61c mappers/80.o
                0x0002b9fc                Mapper80_init
                0x0002ba50                Mapper207_init
 .text          0x0002bfb0      0x2b0 mappers/82.o
                0x0002bfb0                Mapper82_init
 .text          0x0002c260      0x8b0 mappers/83.o
                0x0002c2f0                Mapper83_init
 .text          0x0002cb10      0x858 mappers/85.o
                0x0002ccbc                Mapper85_StateRestore
                0x0002cf98                DoVRC7Sound
                0x0002cbc4                NSFVRC7_Init
                0x0002ced4                UpdateOPL
                0x0002d01c                Mapper85_write
                0x0002d294                Mapper85_init
                0x0002cf64                UpdateOPLNEO
 .text          0x0002d368       0x74 mappers/86.o
                0x0002d3a8                Mapper86_write
                0x0002d368                Mapper86_init
 .text          0x0002d3dc       0x80 mappers/89.o
                0x0002d3dc                Mapper89_init
                0x0002d418                Mapper89_write
 .text          0x0002d45c      0x160 mappers/91.o
                0x0002d4a8                Mapper91_init
 .text          0x0002d5bc       0x9c mappers/92.o
                0x0002d5bc                Mapper92_init
 .text          0x0002d658       0x78 mappers/97.o
                0x0002d690                Mapper97_write
                0x0002d658                Mapper97_init
 .text          0x0002d6d0       0x94 mappers/99.o
                0x0002d6d0                Mapper99_init
 .text          0x0002d764     0x7628 mappers/emu2413.o
                0x000328ac                OPLL_new
                0x00032e6c                OPLL_set_quality
                0x0002fb60                OPLL_setMask
                0x0002fb1c                OPLL_set_rate
                0x00032ea8                moocow
                0x000338f4                OPLL_calc
                0x000323f8                OPLL_reset
                0x0002ec28                OPLL_forceRefresh
                0x0002fd1c                OPLL_writeReg
                0x00032880                OPLL_writeIO
                0x0002fb78                OPLL_toggleMask
                0x00032894                OPLL_delete
 .text          0x00034d8c      0x368 mappers/mmc2and4.o
                0x00034d8c                Mapper10_init
                0x00034f08                Mapper9_init
                0x00034fb0                Mapper9and10_write
                0x00034f94                Mapper9_write
                0x000350d8                Mapper10_write
 .text          0x000350f4      0x368 mappers/simple.o
                0x00035364                Mapper96_init
                0x000352c4                Mapper34_init
                0x000350f4                Mapper156_init
 .text          0x0003545c      0x26c boards/112.o
                0x0003545c                Mapper112_Init
 .text          0x000356c8      0x49c boards/117.o
                0x00035720                Mapper117_Init
 .text          0x00035b64      0x3ec boards/164.o
                0x00035b84                Mapper163_Init
                0x00035bdc                Mapper164_Init
 .text          0x00035f50      0x524 boards/183.o
                0x00035fa8                Mapper183_Init
 .text          0x00036474      0x2d4 boards/185.o
                0x000364d0                Mapper181_Init
                0x00036578                Mapper185_Init
 .text          0x00036748      0x2a4 boards/186.o
                0x000367a0                Mapper186_Init
 .text          0x000369ec      0x2cc boards/187.o
                0x00036a0c                Mapper187_Init
 .text          0x00036cb8      0x114 boards/189.o
                0x00036cb8                Mapper189_Init
 .text          0x00036dcc      0x1a8 boards/208.o
                0x00036e20                Mapper208_Init
 .text          0x00036f74      0x394 boards/222.o
                0x00036fc8                Mapper222_Init
 .text          0x00037308      0x168 boards/235.o
                0x00037308                Mapper235_Init
 .text          0x00037470      0x1d8 boards/57.o
                0x00037480                Mapper57_Init
 .text          0x00037648      0x270 boards/8157.o
                0x00037648                UNL8157_Init
 .text          0x000378b8      0x2d4 boards/8237.o
                0x000378b8                UNL8237_Init
 .text          0x00037b8c      0x25c boards/88.o
                0x00037be0                Mapper88_Init
                0x00037b8c                Mapper154_Init
 .text          0x00037de8     0x1790 boards/90.o
                0x00038094                Mapper90_Init
                0x0003916c                CPUWrap
                0x00038008                Mapper209_Init
                0x00037f8c                Mapper211_Init
 .text          0x00039578      0x354 boards/95.o
                0x00039578                Mapper95_Init
 .text          0x000398cc      0x2f0 boards/bmc13in1jy110.o
                0x000398cc                BMC13in1JY110_Init
 .text          0x00039bbc      0x1ac boards/bmc42in1r.o
                0x00039bbc                BMC42in1r_Init
 .text          0x00039d68      0x1b0 boards/bmc64in1nr.o
                0x00039d68                BMC64in1nr_Init
 .text          0x00039f18      0x2f8 boards/bmc70in1.o
                0x00039f6c                BMC70in1_Init
                0x00039f18                BMC70in1B_Init
 .text          0x0003a210      0x13c boards/bmcgk192.o
                0x0003a210                Mapper58_Init
 .text          0x0003a34c      0x2cc boards/bonza.o
                0x0003a4bc                Mapper216_Init
 .text          0x0003a618      0x108 boards/cc21.o
                0x0003a618                UNLCC21_Init
 .text          0x0003a720      0xd58 boards/datalatch.o
                0x0003a77c                NROM_Init
                0x0003b088                Mapper140_Init
                0x0003b118                MHROM_Init
                0x0003ae4c                UNROM_Init
                0x0003ac9c                Mapper107_Init
                0x0003ad2c                Mapper94_Init
                0x0003b3e8                CNROM_Init
                0x0003ac0c                CPROM_Init
                0x0003b2c8                Mapper70_Init
                0x0003aedc                Mapper144_Init
                0x0003b000                Mapper87_Init
                0x0003adbc                SUNSOFT_UNROM_Init
                0x0003b238                Mapper152_Init
                0x0003af70                Mapper11_Init
                0x0003ab14                Latch_Init
                0x0003b1a8                Mapper78_Init
                0x0003b358                ANROM_Init
 .text          0x0003b478      0x294 boards/deirom.o
                0x0003b478                DEIROM_Init
 .text          0x0003b70c      0x124 boards/dream.o
                0x0003b70c                DreamTech01_Init
 .text          0x0003b830      0x360 boards/fk23c.o
                0x0003b830                BMCFK23C_Init
 .text          0x0003bb90      0x244 boards/h2288.o
                0x0003bbc0                UNLH2288_Init
 .text          0x0003bdd4      0x1a0 boards/karaoke.o
                0x0003bddc                Mapper188_Init
 .text          0x0003bf74      0x138 boards/kof97.o
                0x0003bf74                UNLKOF97_Init
 .text          0x0003c0ac      0x300 boards/konami-qtai.o
                0x0003c100                Mapper190_Init
 .text          0x0003c3ac       0xd0 boards/malee.o
                0x0003c3ac                MALEE_Init
 .text          0x0003c47c      0xee4 boards/mmc1.o
                0x0003c79c                SNROM_Init
                0x0003c8d0                SGROM_Init
                0x0003c7c8                SHROM_Init
                0x0003c878                SLROM_Init
                0x0003c7f4                SFROM_Init
                0x0003c954                SBROM_Init
                0x0003c9ac                Mapper155_Init
                0x0003c9e8                Mapper105_Init
                0x0003c84c                SL1ROM_Init
                0x0003c8fc                SEROM_Init
                0x0003c770                SOROM_Init
                0x0003c820                SL2ROM_Init
                0x0003c980                SAROM_Init
                0x0003c928                SCROM_Init
                0x0003ce48                Mapper1_Init
                0x0003c8a4                SKROM_Init
 .text          0x0003d360     0x412c boards/mmc3.o
                0x0003e364                Mapper194_Init
                0x0003df08                TSROM_Init
                0x0003e0a4                Mapper249_Init
                0x0003e730                Mapper116_Init
                0x0003f9b4                MMC3_CMDWrite
                0x0003eb90                Mapper44_Init
                0x0003e124                Mapper245_Init
                0x0003d6b8                GenMMC3Restore
                0x0003d408                FixMMC3CHR
                0x00040a1c                GenMMC3Power
                0x0003e9f8                Mapper49_Init
                0x0003df60                TKROM_Init
                0x0003e010                Mapper254_Init
                0x0003ec10                Mapper37_Init
                0x0003d568                MMC3_IRQWrite
                0x0003e3f8                Mapper192_Init
                0x0003e848                Mapper114_Init
                0x0003e96c                Mapper52_Init
                0x0003e6ac                Mapper118_Init
                0x0003f5e4                Mapper198_Init
                0x0003e630                Mapper119_Init
                0x0003e8d8                Mapper74_Init
                0x0003eb04                Mapper45_Init
                0x0003dfe4                TEROM_Init
                0x0003d4dc                MMC3RegReset
                0x0003e48c                Mapper191_Init
                0x0003dd58                HKROM_Init
                0x0003df8c                TGROM_Init
                0x0003e068                Mapper250_Init
                0x0003e55c                Mapper165_Init
                0x0003dfb8                TFROM_Init
                0x0003df34                TLROM_Init
                0x0003e520                Mapper182_Init
                0x0003ea84                Mapper47_Init
                0x0003dd84                TQROM_Init
                0x0003e240                Mapper215_Init
                0x0003de00                TKSROM_Init
                0x0003ec98                Mapper12_Init
                0x0003e7c8                Mapper115_Init
                0x0003f50c                Mapper199_Init
                0x0003db58                GenMMC3_Init
                0x0003e1a4                Mapper217_Init
                0x0003e2dc                Mapper205_Init
                0x0003d360                FixMMC3PRG
                0x0003f930                Mapper4_Init
                0x0003de84                TLSROM_Init
 .text          0x0004148c     0x2b30 boards/mmc5.o
                0x00043a60                EWROM_Init
                0x0004161c                MMC5_hb
                0x00041aac                Mapper5_ESI
                0x00041a88                NSFMMC5_Close
                0x00043d50                MMC5RunSound
                0x00043a84                Mapper5_Init
                0x00042a7c                MMC5Synco
                0x00043bdc                NSFMMC5_Init
                0x00041b3c                DetectMMC5WRAMSize
                0x00042f98                MMC5_StateRestore
                0x00043a54                EKROM_Init
                0x00043a6c                ELROM_Init
                0x00043a78                ETROM_Init
 .text          0x00043fbc     0x1d48 boards/n106.o
                0x000444b0                Mapper19_ESI
                0x00044b3c                Mapper19_Init
                0x00044458                Mapper210_Init
                0x00044cf4                NSFN106_Init
 .text          0x00045d04      0x100 boards/novel.o
                0x00045d04                Novel_Init
 .text          0x00045e04     0x1190 boards/sachen.o
                0x0004627c                S8259B_Init
                0x00046194                S8259D_Init
                0x00046364                S74LS374NA_Init
                0x00045f80                TCU01_Init
                0x00046080                SA72008_Init
                0x00046024                SA0036_Init
                0x00045f0c                TCA01_Init
                0x000460dc                SA72007_Init
                0x000463c8                S74LS374N_Init
                0x00046138                SA0161M_Init
                0x00046208                S8259C_Init
                0x000462f0                S8259A_Init
                0x00045fc8                SA0037_Init
 .text          0x00046f94      0x204 boards/sheroes.o
                0x00046fa4                UNLSHeroes_Init
 .text          0x00047198      0x8f4 boards/sl1632.o
                0x0004729c                UNLSL1632_Init
 .text          0x00047a8c      0x144 boards/sonic5.o
                0x00047a8c                UNLSonic_Init
 .text          0x00047bd0      0x210 boards/subor.o
                0x00047cc8                Mapper167_init
                0x00047d44                Mapper166_init
 .text          0x00047de0      0x2bc boards/super24.o
                0x00047de0                Super24_Init
 .text          0x0004809c      0x1c8 boards/supervision.o
                0x0004809c                Supervision16_Init
 .text          0x00048264      0x28c boards/t-262.o
                0x00048264                BMCT262_Init
 .text          0x000484f0      0x73c boards/tengen.o
                0x000487c0                Mapper158_init
                0x00048b2c                Mapper64_init
 .text          0x00048c2c       0xc4 boards/__dummy_mapper.o
                0x00048c50                MapperNNN_Init
 .text          0x00048cf0      0x5f0 input/cursor.o
                0x00049124                FCEU_DrawCursor
                0x00048cf0                FCEU_DrawGunSight
 .text          0x000492e0      0x510 input/zapper.o
                0x00049580                FCEU_InitZapper
 .text          0x000497f0      0x2e0 input/powerpad.o
                0x00049a98                FCEU_InitPowerpadA
                0x00049864                UpdatePP
                0x00049a60                FCEU_InitPowerpadB
 .text          0x00049ad0      0x1f0 input/arkanoid.o
                0x00049c44                FCEU_InitArkanoid
                0x00049b40                FCEU_InitArkanoidFC
 .text          0x00049cc0      0x3bc input/shadow.o
                0x00049f44                FCEU_InitSpaceShadow
 .text          0x0004a07c      0x1ac input/fkb.o
                0x0004a1b4                FCEU_InitFKB
 .text          0x0004a228       0x78 input/hypershot.o
                0x0004a278                FCEU_InitHS
 .text          0x0004a2a0       0xe8 input/mahjong.o
                0x0004a360                FCEU_InitMahjong
 .text          0x0004a388      0x298 input/oekakids.o
                0x0004a5bc                FCEU_InitOekaKids
 .text          0x0004a620      0x180 input/ftrainer.o
                0x0004a730                FCEU_InitFamilyTrainerA
                0x0004a768                FCEU_InitFamilyTrainerB
 .text          0x0004a7a0       0xc0 input/quiz.o
                0x0004a838                FCEU_InitQuizKing
 .text          0x0004a860       0x98 input/toprider.o
                0x0004a8ec                FCEU_InitTopRider
 .text          0x0004a8f8      0x1a8 input/bworld.o
                0x0004aa1c                FCEU_InitBarcodeWorld
 .text          0x0004aaa0      0x1b0 input/suborkb.o
                0x0004abdc                FCEU_InitSuborKB
 .text          0x0004ac50      0xf6c drivers/LF1000/minimal.o
                0x0004b06c                gp2x_sound_sync
                0x0004b5c4                gp2x_init
                0x0004b550                gp2x_memcpy_all_buffers
                0x0004ae10                gp2x_video_RGB_setscaling
                0x0004ac50                gp2x_video_flip
                0x0004acec                gp2x_video_flip2
                0x0004b97c                gp2x_deinit
                0x0004b474                gp2x_memcpy_buffers
                0x0004b0cc                gp2x_start_sound
                0x0004afcc                gp2x_video_set_offs
                0x0004afdc                gp2x_video_wait_vsync
                0x0004ad74                gp2x_video_changemode2
                0x0004b010                gp2x_sound_volume
                0x0004b09c                gp2x_sound_write
                0x0004adc0                gp2x_video_setpalette
                0x0004b404                gp2x_memset_all_buffers
                0x0004b854                gp2x_video_changemode
                0x0004b524                gp2x_video_flush_cache
                0x0004b30c                gp2x_joystick_read
 .text          0x0004bbbc      0x588 drivers/LF1000/cpuctrl.o
                0x0004bca4                set_display_clock_div
                0x0004be24                set_gamma
                0x0004bf8c                set_LCD_custom_rate
                0x0004bd60                set_DCLK_Div
                0x0004bd2c                set_920_Div
                0x0004bcdc                set_FCLK
                0x0004bd94                set_RAM_Timings
                0x0004bbbc                cpuctrl_init
                0x0004c040                cpuctrl_deinit
                0x0004bef8                unset_LCD_custom_rate
 .text          0x0004c144      0x148 drivers/LF1000/squidgehack.o
                0x0004c144                mmuunhack
                0x0004c190                mmuhack
 .text          0x0004c28c      0x2bc drivers/LF1000/asmutils.o
                0x0004c4d0                convert2RGB555
                0x0004c28c                flushcache
                0x0004c354                spend_cycles
                0x0004c368                memset32
                0x0004c294                block_or
                0x0004c3a4                soft_scale
                0x0004c2cc                block_and
                0x0004c304                block_andor
 .text          0x0004c548      0x384 drivers/LF1000/gp2x.o
                0x0004c8a8                GetBaseDirectory
                0x0004c54c                gp2x_opt_update
                0x0004c548                DoDriverArgs
                0x0004c740                main
                0x0004c664                gp2x_opt_setup
 .text          0x0004c8cc     0x1b44 drivers/LF1000/main.o
                0x0004c930                SaveConfig
                0x0004ca3c                LoadCPalette
                0x0004d930                FCEUD_Update
                0x0004cbe0                CLImain
                0x0004c8cc                ShowUsage
                0x0004c918                FCEUD_PrintError
 .text          0x0004e410      0x30c drivers/LF1000/throttle.o
                0x0004e410                RefreshThrottleFPS
                0x0004e4b4                SpeedThrottle
 .text          0x0004e71c       0x1c drivers/LF1000/unix-netplay.o
                0x0004e734                FCEUD_NetworkClose
                0x0004e71c                FCEUD_NetworkConnect
                0x0004e72c                FCEUD_NetworkSendData
                0x0004e724                FCEUD_NetworkRecvData
 .text          0x0004e738       0x84 drivers/LF1000/gp2x-sound.o
                0x0004e738                SilenceSound
                0x0004e764                InitSound
                0x0004e754                GetWriteSound
                0x0004e74c                GetMaxSound
                0x0004e75c                KillSound
                0x0004e7a0                WriteSound
 .text          0x0004e7bc      0x6cc drivers/LF1000/gp2x-video.o
                0x0004ea60                InitVideo
                0x0004e9f8                FCEUD_SetPalette
                0x0004e7bc                KillVideo
                0x0004e7c0                FCEUD_GetPalette
                0x0004eb18                BlitPrepare
                0x0004e824                CleanSurface
                0x0004e7ec                BlitScreen
 .text          0x0004ee88      0x8d8 drivers/LF1000/usbjoy.o
                0x0004ee88                joy_name
                0x0004f5f4                gp2x_usbjoy_update
                0x0004f58c                gp2x_usbjoy_deinit
                0x0004ef50                joy_update
                0x0004ee9c                joy_device
                0x0004eec4                joy_axes
                0x0004f20c                gp2x_usbjoy_check2
                0x0004ef00                joy_getaxe
                0x0004eeb0                joy_buttons
                0x0004f094                joy_open
                0x0004ef24                joy_close
                0x0004f450                gp2x_usbjoy_check
                0x0004f2b8                gp2x_usbjoy_init
                0x0004eed8                joy_getbutton
 .text          0x0004f760     0x4ca4 drivers/LF1000/menu.o
                0x0004fb90                gp2x_text_out15
                0x0004fd94                gp2x_text_out15_lim
                0x00054270                gp2x_menu_do
                0x00050d7c                patches_menu_loop
 .text          0x00054404      0x1c8 drivers/LF1000/readpng.o
                0x00054404                readpng
 .text          0x000545cc     0x140c drivers/common/cheat.o
                0x00054910                EndListShow
                0x00054724                DoConsoleCheatConfig
                0x00054828                AddToList
                0x000545cc                BeginListShow
                0x00054730                ListChoice
 .text          0x000559d8      0x59c drivers/common/config.o
                0x00055ef4                LoadFCEUConfig
                0x00055c40                SaveFCEUConfig
 .text          0x00055f74      0x210 drivers/common/args.o
                0x0005611c                ParseArguments
 .text          0x00056184      0x58c drivers/common/vidblit.o
                0x00056364                Blit8To8
                0x0005664c                KillBlitToHigh
                0x00056184                SetPaletteBlitToHigh
                0x00056670                InitBlitToHigh
                0x000564cc                Blit8ToHigh
 .text          0x00056710     0x223c zlib/unzip.o
                0x0005699c                unzReadCurrentFile
                0x000581d4                unzLocateFile
                0x00058128                unzGoToFirstFile
                0x00056e70                unzOpenCurrentFile
                0x00056710                unzGetGlobalInfo
                0x00056828                unzGetLocalExtrafield
                0x00058190                unzGetCurrentFileInfo
                0x00058078                unzGoToNextFile
                0x000568d0                unzCloseCurrentFile
                0x00056758                unzeof
                0x00056788                unzGetGlobalComment
                0x00056734                unztell
                0x00056ba8                unzStringFileNameCompare
                0x00056dc0                unzClose
                0x000583e0                unzOpen
 .text          0x0005894c      0x990 ppu.o
                0x00058968                FetchSpriteData
                0x0005894c                FCEUI_DisableSpriteLimitation
                0x00058d74                RefreshSprites
                0x000591f0                CopySprites
 .text          0x000592dc      0x8c8 movie.o
                0x0005931c                FCEUMOV_AddJoy
                0x000592dc                FCEUMOV_IsPlaying
                0x0005930c                FCEUI_IsMovieActive
                0x000592f0                FCEUMOV_IsRecording
                0x000595f4                FCEUI_StopMovie
                0x00059670                FCEUI_LoadMovie
 .text          0x00059ba4      0x148 fceu098.o
                0x00059bc0                FCEUI_Emulate098
                0x00059ba4                ResetNES098
                0x00059cd0                FCEUI_Initialize098
 .text          0x00059cec     0x4d50 ppu098.o
                0x0005b76c                FCEUPPU_LineUpdate098
                0x0005d884                FCEUPPU_Loop
                0x0005b8c0                FCEUPPU_Power
                0x0005a160                FCEUPPU_Reset
                0x00059fb8                FCEUPPU_Init
                0x00059f18                FCEUI_SetRenderDisable
 *fill*         0x0005ea3c        0x4 00000000
 .text          0x0005ea40     0x6810 ncpu.o
                0x00065134                TriggerNMI_a
                0x00064ef4                X6502_Reset_a
                0x00065100                TriggerIRQ_a
                0x00065104                X6502_IRQBegin_a
                0x0006511c                X6502_IRQEnd_a
                0x0006506c                X6502_Run_a
                0x00064ef4                reset_cpu
                0x00065174                X6502_Rebase_a
                0x0006513c                X6502_AddCycles_a
                0x0006506c                cpu_exec
                0x000650d0                X6502_Power_a
 .text          0x00065250      0x4e8 /opt/RidgeRun/arm-eabi-uclibc/lib/gcc/arm-linux-uclibcgnueabi/4.1.1/../../../../arm-linux-uclibcgnueabi/lib/libm.a(s_atan.o)
                0x00065250                __GI_atan
                0x00065250                atan
 .text          0x00065738       0xec /opt/RidgeRun/arm-eabi-uclibc/lib/gcc/arm-linux-uclibcgnueabi/4.1.1/../../../../arm-linux-uclibcgnueabi/lib/libm.a(s_cos.o)
                0x00065738                __GI_cos
                0x00065738                cos
 .text          0x00065824       0x10 /opt/RidgeRun/arm-eabi-uclibc/lib/gcc/arm-linux-uclibcgnueabi/4.1.1/../../../../arm-linux-uclibcgnueabi/lib/libm.a(s_fabs.o)
                0x00065824                fabs
                0x00065824                __GI_fabs
 .text          0x00065834       0xf4 /opt/RidgeRun/arm-eabi-uclibc/lib/gcc/arm-linux-uclibcgnueabi/4.1.1/../../../../arm-linux-uclibcgnueabi/lib/libm.a(s_sin.o)
                0x00065834                sin
                0x00065834                __GI_sin
 .text          0x00065928        0x4 /opt/RidgeRun/arm-eabi-uclibc/lib/gcc/arm-linux-uclibcgnueabi/4.1.1/../../../../arm-linux-uclibcgnueabi/lib/libm.a(w_log.o)
                0x00065928                log
                0x00065928                __GI_log
 .text          0x0006592c        0x4 /opt/RidgeRun/arm-eabi-uclibc/lib/gcc/arm-linux-uclibcgnueabi/4.1.1/../../../../arm-linux-uclibcgnueabi/lib/libm.a(w_log10.o)
                0x0006592c                log10
                0x0006592c                __GI_log10
 .text          0x00065930        0x4 /opt/RidgeRun/arm-eabi-uclibc/lib/gcc/arm-linux-uclibcgnueabi/4.1.1/../../../../arm-linux-uclibcgnueabi/lib/libm.a(w_pow.o)
                0x00065930                pow
                0x00065930                __GI_pow
 .text          0x00065934        0x4 /opt/RidgeRun/arm-eabi-uclibc/lib/gcc/arm-linux-uclibcgnueabi/4.1.1/../../../../arm-linux-uclibcgnueabi/lib/libm.a(w_sqrt.o)
                0x00065934                sqrt
                0x00065934                __GI_sqrt
 .text          0x00065938      0x5d8 /opt/RidgeRun/arm-eabi-uclibc/lib/gcc/arm-linux-uclibcgnueabi/4.1.1/../../../../arm-linux-uclibcgnueabi/lib/libm.a(e_log.o)
                0x00065938                __ieee754_log
 .text          0x00065f10      0x184 /opt/RidgeRun/arm-eabi-uclibc/lib/gcc/arm-linux-uclibcgnueabi/4.1.1/../../../../arm-linux-uclibcgnueabi/lib/libm.a(e_log10.o)
                0x00065f10                __ieee754_log10
 .text          0x00066094      0xfe4 /opt/RidgeRun/arm-eabi-uclibc/lib/gcc/arm-linux-uclibcgnueabi/4.1.1/../../../../arm-linux-uclibcgnueabi/lib/libm.a(e_pow.o)
                0x00066094                __ieee754_pow
 .text          0x00067078      0x634 /opt/RidgeRun/arm-eabi-uclibc/lib/gcc/arm-linux-uclibcgnueabi/4.1.1/../../../../arm-linux-uclibcgnueabi/lib/libm.a(e_rem_pio2.o)
                0x00067078                __ieee754_rem_pio2
 .text          0x000676ac      0x23c /opt/RidgeRun/arm-eabi-uclibc/lib/gcc/arm-linux-uclibcgnueabi/4.1.1/../../../../arm-linux-uclibcgnueabi/lib/libm.a(e_sqrt.o)
                0x000676ac                __ieee754_sqrt
 .text          0x000678e8      0x2b4 /opt/RidgeRun/arm-eabi-uclibc/lib/gcc/arm-linux-uclibcgnueabi/4.1.1/../../../../arm-linux-uclibcgnueabi/lib/libm.a(k_cos.o)
                0x000678e8                __kernel_cos
 .text          0x00067b9c      0xa80 /opt/RidgeRun/arm-eabi-uclibc/lib/gcc/arm-linux-uclibcgnueabi/4.1.1/../../../../arm-linux-uclibcgnueabi/lib/libm.a(k_rem_pio2.o)
                0x00067b9c                __kernel_rem_pio2
 .text          0x0006861c      0x230 /opt/RidgeRun/arm-eabi-uclibc/lib/gcc/arm-linux-uclibcgnueabi/4.1.1/../../../../arm-linux-uclibcgnueabi/lib/libm.a(k_sin.o)
                0x0006861c                __kernel_sin
 .text          0x0006884c      0x194 /opt/RidgeRun/arm-eabi-uclibc/lib/gcc/arm-linux-uclibcgnueabi/4.1.1/../../../../arm-linux-uclibcgnueabi/lib/libm.a(s_floor.o)
                0x0006884c                __GI_floor
                0x0006884c                floor
 .text          0x000689e0      0x17c /opt/RidgeRun/arm-eabi-uclibc/lib/gcc/arm-linux-uclibcgnueabi/4.1.1/../../../../arm-linux-uclibcgnueabi/lib/libm.a(s_scalbn.o)
                0x000689e0                __GI_scalbn
                0x000689e0                scalbn
 .text          0x00068b5c       0x24 /opt/RidgeRun/arm-eabi-uclibc/lib/gcc/arm-linux-uclibcgnueabi/4.1.1/../../../../arm-linux-uclibcgnueabi/lib/libm.a(s_copysign.o)
                0x00068b5c                __GI_copysign
                0x00068b5c                copysign
 .text          0x00068b80      0x154 /home/joe/work/opendidj/rootfs//usr/lib/libz.a(compress.o)
                0x00068b94                compress2
                0x00068b80                compressBound
                0x00068c34                compress
 .text          0x00068cd4      0x994 /home/joe/work/opendidj/rootfs//usr/lib/libz.a(crc32.o)
                0x00068ce0                crc32
                0x00069488                crc32_combine
                0x00068cd4                get_crc_table
 .text          0x00069668     0x2ec8 /home/joe/work/opendidj/rootfs//usr/lib/libz.a(deflate.o)
                0x0006b5f4                deflate
                0x000696f8                deflateTune
                0x00069668                deflateSetHeader
                0x00069e78                deflateSetDictionary
                0x00069f9c                deflateBound
                0x0006a3fc                deflateInit_
                0x0006a130                deflateInit2_
                0x00069fec                deflateReset
                0x0006969c                deflatePrime
                0x00069a70                deflateCopy
                0x0006c438                deflateParams
                0x00069740                deflateEnd
 .text          0x0006c530     0x2a40 /home/joe/work/opendidj/rootfs//usr/lib/libz.a(trees.o)
                0x0006e43c                _tr_flush_block
                0x0006d268                _tr_stored_block
                0x0006c530                _tr_init
                0x0006ccd0                _tr_tally
                0x0006d41c                _tr_align
 .text          0x0006ef70       0x38 /home/joe/work/opendidj/rootfs//usr/lib/libz.a(zutil.o)
                0x0006ef70                zlibVersion
                0x0006ef7c                zlibCompileFlags
                0x0006ef98                zcfree
                0x0006ef84                zError
                0x0006efa0                zcalloc
 .text          0x0006efa8     0x2144 /home/joe/work/opendidj/rootfs//usr/lib/libz.a(inflate.o)
                0x0006f170                inflateCopy
                0x0006f544                inflate
                0x0006f134                inflateSyncPoint
                0x0006f0f8                inflateGetHeader
                0x000710dc                inflateInit_
                0x0006f030                inflatePrime
                0x0006efa8                inflateReset
                0x00070ccc                inflateSync
                0x0006f44c                inflateSetDictionary
                0x0006f094                inflateEnd
                0x00070f7c                inflateInit2_
 .text          0x000710ec      0xa4c /home/joe/work/opendidj/rootfs//usr/lib/libz.a(inftrees.o)
                0x000710ec                inflate_table
 .text          0x00071b38      0x5e0 /home/joe/work/opendidj/rootfs//usr/lib/libz.a(inffast.o)
                0x00071b38                inflate_fast
 .text          0x00072118      0x3f0 /home/joe/work/opendidj/rootfs//usr/lib/libz.a(adler32.o)
                0x00072118                adler32
                0x00072448                adler32_combine
 .text          0x00072508      0xb00 /home/joe/work/opendidj/rootfs//usr/lib/libpng.a(libpng12_la-png.o)
                0x00072570                png_get_header_ver
                0x00072818                png_zfree
                0x00072d6c                png_zalloc
                0x0007254c                png_get_libpng_ver
                0x00072648                png_sig_cmp
                0x00072fac                png_set_sig_bytes
                0x00072e2c                png_info_destroy
                0x00072508                png_get_io_ptr
                0x000726f0                png_convert_to_rfc1123
                0x000725e4                png_handle_as_unknown
                0x000725b8                png_access_version_number
                0x00072de0                png_info_init_3
                0x00072528                png_get_copyright
                0x00072594                png_get_header_version
                0x000725cc                png_reset_zstream
                0x00072f3c                png_calculate_crc
                0x000725c4                png_mmx_support
                0x000726cc                png_check_sig
                0x00072f8c                png_reset_crc
                0x00072eec                png_create_info_struct
                0x00072e84                png_info_init
                0x00072ea8                png_destroy_info_struct
                0x0007281c                png_free_data
                0x00072d08                png_data_freer
                0x0007251c                png_init_io
 .text          0x00073008      0xa80 /home/joe/work/opendidj/rootfs//usr/lib/libpng.a(libpng12_la-pngget.o)
                0x000736f4                png_get_sBIT
                0x000732f0                png_get_cHRM_fixed
                0x000732b8                png_get_bKGD
                0x000734a0                png_get_hIST
                0x000730ec                png_get_interlace_type
                0x00073220                png_get_x_offset_pixels
                0x00073474                png_get_sPLT
                0x00073028                png_get_rowbytes
                0x00073400                png_get_iCCP
                0x00073880                png_get_rgb_to_gray_status
                0x000730d0                png_get_filter_type
                0x0007377c                png_get_tIME
                0x000731f0                png_get_y_offset_microns
                0x0007307c                png_get_image_height
                0x0007353c                png_get_pCAL
                0x00073060                png_get_image_width
                0x000738c4                png_get_asm_flagmask
                0x00073124                png_get_x_pixels_per_meter
                0x000733c8                png_get_sRGB
                0x00073280                png_get_channels
                0x000738ec                png_get_user_width_max
                0x00073250                png_get_y_offset_pixels
                0x000738a8                png_get_compression_buffer_size
                0x00073008                png_get_valid
                0x00073108                png_get_compression_type
                0x000731c0                png_get_x_offset_microns
                0x00073044                png_get_rows
                0x000734d8                png_get_oFFs
                0x00073098                png_get_bit_depth
                0x00073900                png_get_user_height_max
                0x000730b4                png_get_color_type
                0x000736a8                png_get_PLTE
                0x00073184                png_get_pixels_per_meter
                0x000735f4                png_get_sCAL_s
                0x00073914                png_get_IHDR
                0x00073394                png_get_gAMA_fixed
                0x000738e4                png_get_mmx_rowbytes_threshold
                0x0007329c                png_get_signature
                0x000738dc                png_get_mmx_bitdepth_threshold
                0x0007372c                png_get_text
                0x000737b4                png_get_tRNS
                0x00073644                png_get_pHYs
                0x000738cc                png_get_mmx_flagmask
                0x000738bc                png_get_asm_flags
                0x00073154                png_get_y_pixels_per_meter
                0x00073854                png_get_unknown_chunks
                0x00073894                png_get_user_chunk_ptr
 .text          0x00073a88     0x1f18 /home/joe/work/opendidj/rootfs//usr/lib/libpng.a(libpng12_la-pngread.o)
                0x00073a94                png_read_destroy
                0x00073a88                png_set_read_status_fn
                0x00075658                png_read_init
                0x0007597c                png_create_read_struct
                0x00075340                png_read_init_3
                0x00075104                png_read_png
                0x000743b8                png_start_read_image
                0x00075524                png_read_init_2
                0x00074a28                png_read_info
                0x00073d2c                png_destroy_read_struct
                0x000749d8                png_read_update_info
                0x000748a8                png_read_image
                0x000743d0                png_read_row
                0x00075684                png_create_read_struct_2
                0x0007490c                png_read_rows
                0x00073e0c                png_read_end
 .text          0x000759a0      0x10c /home/joe/work/opendidj/rootfs//usr/lib/libpng.a(libpng12_la-pngrio.o)
                0x000759a0                png_set_read_fn
                0x00075a74                png_read_data
                0x00075a28                png_default_read_data
 .text          0x00075aac     0x4fa0 /home/joe/work/opendidj/rootfs//usr/lib/libpng.a(libpng12_la-pngrtran.o)
                0x000769a8                png_do_read_filler
                0x0007a07c                png_set_dither
                0x00075b48                png_set_gray_1_2_4_to_8
                0x00075b9c                png_set_read_user_transform_fn
                0x00075ac0                png_set_strip_alpha
                0x00075b24                png_set_expand_gray_1_2_4_to_8
                0x00075aac                png_set_strip_16
                0x00076488                png_do_unshift
                0x000783e0                png_do_dither
                0x00076ef0                png_do_rgb_to_gray
                0x00075b80                png_set_gray_to_rgb
                0x00076d08                png_do_gray_to_rgb
                0x00079958                png_set_rgb_to_gray_fixed
                0x00079b70                png_do_read_transformations
                0x00079a7c                png_set_crc_action
                0x00075afc                png_set_palette_to_rgb
                0x0007673c                png_do_read_swap_alpha
                0x0007775c                png_do_gamma
                0x00075ad4                png_set_expand
                0x00076070                png_read_transform_info
                0x00077e74                png_do_expand
                0x00075bb4                png_init_read_transformations
                0x00075b60                png_set_tRNS_to_alpha
                0x00076890                png_do_read_invert_alpha
                0x000776b8                png_build_grayscale_palette
                0x00078564                png_do_read_intrapixel
                0x000766d8                png_do_chop
                0x00076334                png_do_unpack
                0x00077bd0                png_do_expand_palette
                0x0007867c                png_do_background
 .text          0x0007aa4c      0x238 /home/joe/work/opendidj/rootfs//usr/lib/libpng.a(libpng12_la-pngmem.o)
                0x0007ab1c                png_destroy_struct
                0x0007aa4c                png_set_mem_fn
                0x0007aa94                png_free_default
                0x0007abf4                png_create_struct_2
                0x0007aa74                png_memset_check
                0x0007ab44                png_malloc
                0x0007ac78                png_create_struct
                0x0007aae0                png_destroy_struct_2
                0x0007aa84                png_memcpy_check
                0x0007aaa8                png_free
                0x0007aa60                png_get_mem_ptr
                0x0007abbc                png_malloc_warn
                0x0007ab28                png_malloc_default
 .text          0x0007ac84      0xbf4 /home/joe/work/opendidj/rootfs//usr/lib/libpng.a(libpng12_la-pngerror.o)
                0x0007b004                png_error
                0x0007acc4                png_warning
                0x0007b644                png_chunk_warning
                0x0007acac                png_set_strip_error_numbers
                0x0007ac98                png_get_error_ptr
                0x0007b410                png_chunk_error
                0x0007ac84                png_set_error_fn
 .text          0x0007b878     0x3d54 /home/joe/work/opendidj/rootfs//usr/lib/libpng.a(libpng12_la-pngrutil.o)
                0x0007e858                png_handle_sRGB
                0x0007cc28                png_read_finish_row
                0x0007f438                png_handle_IHDR
                0x0007bc40                png_crc_error
                0x0007b8c8                png_get_uint_16
                0x0007c62c                png_check_chunk_name
                0x0007b8e4                png_get_uint_31
                0x0007bcb8                png_read_filter_row
                0x0007b92c                png_read_start_row
                0x0007dc90                png_handle_pHYs
                0x0007b878                png_get_uint_32
                0x0007f1b0                png_handle_IEND
                0x0007dd94                png_handle_hIST
                0x0007f020                png_handle_gAMA
                0x0007d510                png_handle_tIME
                0x0007e0f4                png_handle_tRNS
                0x0007f220                png_handle_PLTE
                0x0007db8c                png_handle_oFFs
                0x0007def4                png_handle_bKGD
                0x0007d630                png_handle_sCAL
                0x0007e608                png_handle_iCCP
                0x0007d17c                png_handle_zTXt
                0x0007d870                png_handle_pCAL
                0x0007cfc4                png_handle_unknown
                0x0007cb18                png_crc_read
                0x0007eeb0                png_handle_sBIT
                0x0007c338                png_combine_row
                0x0007e334                png_handle_sPLT
                0x0007cb44                png_crc_finish
                0x0007ea94                png_handle_cHRM
                0x0007c6fc                png_decompress_chunk
                0x0007beec                png_do_read_interlace
                0x0007b8a0                png_get_int_32
                0x0007d388                png_handle_tEXt
 .text          0x0007f5cc      0x808 /home/joe/work/opendidj/rootfs//usr/lib/libpng.a(libpng12_la-pngtrans.o)
                0x0007f728                png_set_add_alpha
                0x0007f968                png_do_strip_filler
                0x0007f6b4                png_set_filler
                0x0007f67c                png_set_interlace_handling
                0x0007f878                png_do_swap
                0x0007f600                png_set_packing
                0x0007f748                png_set_swap_alpha
                0x0007fdac                png_set_user_transform_info
                0x0007f5cc                png_set_bgr
                0x0007f5e0                png_set_swap
                0x0007fc7c                png_do_bgr
                0x0007f628                png_set_packswap
                0x0007f770                png_set_invert_mono
                0x0007f8bc                png_do_packswap
                0x0007f784                png_do_invert
                0x0007f75c                png_set_invert_alpha
                0x0007fdc0                png_get_user_transform_ptr
                0x0007f648                png_set_shift
 .text          0x0007fdd4     0x1550 /home/joe/work/opendidj/rootfs//usr/lib/libpng.a(libpng12_la-pngset.o)
                0x000801a4                png_set_sBIT
                0x00080384                png_set_cHRM_fixed
                0x0007fe50                png_set_unknown_chunk_location
                0x0007fea0                png_permit_mng_features
                0x00080ed0                png_set_text
                0x000802f0                png_set_gAMA_fixed
                0x000801d8                png_set_bKGD
                0x0007fdd4                png_set_oFFs
                0x00080f18                png_set_IHDR
                0x0007ffac                png_set_keep_unknown_chunks
                0x000800a4                png_set_tRNS
                0x0007fee0                png_set_asm_flags
                0x0007fef0                png_set_mmx_thresholds
                0x00080ce0                png_set_pCAL
                0x00080be0                png_set_sCAL_s
                0x00080500                png_set_unknown_chunks
                0x0008124c                png_set_PLTE
                0x0007fec4                png_set_invalid
                0x00080660                png_set_sPLT
                0x00080aa4                png_set_iCCP
                0x0007fe84                png_permit_empty_plte
                0x00080864                png_set_text_2
                0x0007ff04                png_set_compression_buffer_size
                0x0007feb4                png_set_read_user_chunk_fn
                0x0008020c                png_set_hIST
                0x0007fef4                png_set_user_limits
                0x00080464                png_set_sRGB_gAMA_and_cHRM
                0x0007fe04                png_set_pHYs
                0x0007fe34                png_set_sRGB
                0x00080160                png_set_tIME
                0x0007ff50                png_set_rows
 .text          0x00081324       0xc4 /opt/RidgeRun/arm-eabi-uclibc/lib/gcc/arm-linux-uclibcgnueabi/4.1.1/libgcc.a(_udivsi3.o)
                0x00081324                __udivsi3
                0x00081324                __aeabi_uidiv
                0x000813d0                __aeabi_uidivmod
 .text          0x000813e8       0xf4 /opt/RidgeRun/arm-eabi-uclibc/lib/gcc/arm-linux-uclibcgnueabi/4.1.1/libgcc.a(_divsi3.o)
                0x000813e8                __aeabi_idiv
                0x000813e8                __divsi3
                0x000814c4                __aeabi_idivmod
 .text          0x000814dc      0x3b8 /opt/RidgeRun/arm-eabi-uclibc/lib/gcc/arm-linux-uclibcgnueabi/4.1.1/libgcc.a(_addsubdf3.o)
                0x00081834                __floatdidf
                0x000817b8                __floatsidf
                0x00081794                __aeabi_ui2d
                0x000814dc                __aeabi_drsub
                0x000817e0                __extendsfdf2
                0x000814e8                __adddf3
                0x00081794                __floatunsidf
                0x000814e8                __aeabi_dadd
                0x00081820                __aeabi_ul2d
                0x000814e4                __aeabi_dsub
                0x00081820                __floatundidf
                0x000817b8                __aeabi_i2d
                0x00081834                __aeabi_l2d
                0x000817e0                __aeabi_f2d
                0x000814e4                __subdf3
 .text          0x00081894      0x470 /opt/RidgeRun/arm-eabi-uclibc/lib/gcc/arm-linux-uclibcgnueabi/4.1.1/libgcc.a(_muldivdf3.o)
                0x00081b00                __aeabi_ddiv
                0x00081894                __aeabi_dmul
                0x00081b00                __divdf3
                0x00081894                __muldf3
 .text          0x00081d04      0x128 /opt/RidgeRun/arm-eabi-uclibc/lib/gcc/arm-linux-uclibcgnueabi/4.1.1/libgcc.a(_cmpdf2.o)
                0x00081df0                __aeabi_dcmple
                0x00081d14                __cmpdf2
                0x00081d14                __eqdf2
                0x00081d04                __gtdf2
                0x00081db4                __aeabi_cdcmple
                0x00081d98                __aeabi_cdrcmple
                0x00081d0c                __ltdf2
                0x00081ddc                __aeabi_dcmplt
                0x00081d0c                __ledf2
                0x00081e18                __aeabi_dcmpgt
                0x00081e04                __aeabi_dcmpge
                0x00081d14                __nedf2
                0x00081dc8                __aeabi_dcmpeq
                0x00081db4                __aeabi_cdcmpeq
                0x00081d04                __gedf2
 .text          0x00081e2c       0x5c /opt/RidgeRun/arm-eabi-uclibc/lib/gcc/arm-linux-uclibcgnueabi/4.1.1/libgcc.a(_fixdfsi.o)
                0x00081e2c                __fixdfsi
                0x00081e2c                __aeabi_d2iz
 .text          0x00081e88       0x54 /opt/RidgeRun/arm-eabi-uclibc/lib/gcc/arm-linux-uclibcgnueabi/4.1.1/libgcc.a(_fixunsdfsi.o)
                0x00081e88                __fixunsdfsi
                0x00081e88                __aeabi_d2uiz
 .text          0x00081edc      0x250 /opt/RidgeRun/arm-eabi-uclibc/lib/gcc/arm-linux-uclibcgnueabi/4.1.1/libgcc.a(_addsubsf3.o)
                0x00081ee8                __aeabi_fadd
                0x00081ee4                __subsf3
                0x00082080                __aeabi_i2f
                0x00081ee4                __aeabi_fsub
                0x000820b0                __floatdisf
                0x00082080                __floatsisf
                0x000820a0                __floatundisf
                0x00082078                __aeabi_ui2f
                0x000820b0                __aeabi_l2f
                0x000820a0                __aeabi_ul2f
                0x00081edc                __aeabi_frsub
                0x00082078                __floatunsisf
                0x00081ee8                __addsf3
 .text          0x0008212c      0x2f8 /opt/RidgeRun/arm-eabi-uclibc/lib/gcc/arm-linux-uclibcgnueabi/4.1.1/libgcc.a(_muldivsf3.o)
                0x000822c4                __divsf3
                0x000822c4                __aeabi_fdiv
                0x0008212c                __mulsf3
                0x0008212c                __aeabi_fmul
 .text          0x00082424       0x1c /opt/RidgeRun/arm-eabi-uclibc/lib/gcc/arm-linux-uclibcgnueabi/4.1.1/libgcc.a(_aeabi_ldivmod.o)
                0x00082424                __aeabi_ldivmod
 .text          0x00082440       0x1c /opt/RidgeRun/arm-eabi-uclibc/lib/gcc/arm-linux-uclibcgnueabi/4.1.1/libgcc.a(_aeabi_uldivmod.o)
                0x00082440                __aeabi_uldivmod
 .text          0x0008245c       0x10 /opt/RidgeRun/arm-eabi-uclibc/lib/gcc/arm-linux-uclibcgnueabi/4.1.1/libgcc.a(_dvmd_lnx.o)
                0x0008245c                __div0
 .text          0x0008246c       0x88 /opt/RidgeRun/arm-eabi-uclibc/lib/gcc/arm-linux-uclibcgnueabi/4.1.1/libgcc.a(bpabi.o)
                0x0008246c                __gnu_uldivmod_helper
                0x000824b0                __gnu_ldivmod_helper
 .text          0x000824f4      0x56c /opt/RidgeRun/arm-eabi-uclibc/lib/gcc/arm-linux-uclibcgnueabi/4.1.1/libgcc.a(_divdi3.o)
                0x000824f4                __divdi3
 .text          0x00082a60      0x514 /opt/RidgeRun/arm-eabi-uclibc/lib/gcc/arm-linux-uclibcgnueabi/4.1.1/libgcc.a(_udivdi3.o)
                0x00082a60                __udivdi3
 .text          0x00082f74      0xb24 /opt/RidgeRun/arm-eabi-uclibc/lib/gcc/arm-linux-uclibcgnueabi/4.1.1/libgcc_eh.a(unwind-arm.o)
                0x00083898                __gnu_Unwind_RaiseException
                0x000834cc                __aeabi_unwind_cpp_pr0
                0x0008308c                _Unwind_GetCFA
                0x00082ffc                _Unwind_VRS_Set
                0x00083968                _Unwind_VRS_Pop
                0x000834bc                __aeabi_unwind_cpp_pr2
                0x00083098                _Unwind_DeleteException
                0x00083094                _Unwind_Complete
                0x00083828                __gnu_Unwind_Resume
                0x000837b0                __gnu_Unwind_ForcedUnwind
                0x00083948                __gnu_Unwind_Resume_or_Rethrow
                0x000830c4                _Unwind_GetTextRelBase
                0x00082f88                _Unwind_VRS_Get
                0x000834c4                __aeabi_unwind_cpp_pr1
                0x000830d0                _Unwind_GetDataRelBase
 .text          0x00083a98       0xb4 /opt/RidgeRun/arm-eabi-uclibc/lib/gcc/arm-linux-uclibcgnueabi/4.1.1/libgcc_eh.a(libunwind.o)
                0x00083b28                ___Unwind_ForcedUnwind
                0x00083ab4                __gnu_Unwind_Save_VFP
                0x00083b04                _Unwind_Resume_or_Rethrow
                0x00083b04                ___Unwind_Resume_or_Rethrow
                0x00083a98                __restore_core_regs
                0x00083abc                ___Unwind_RaiseException
                0x00083ae0                ___Unwind_Resume
                0x00083aac                __gnu_Unwind_Restore_VFP
                0x00083ae0                _Unwind_Resume
                0x00083abc                _Unwind_RaiseException
                0x00083a98                restore_core_regs
                0x00083b28                _Unwind_ForcedUnwind
 .text          0x00083b4c      0x4a0 /opt/RidgeRun/arm-eabi-uclibc/lib/gcc/arm-linux-uclibcgnueabi/4.1.1/libgcc_eh.a(pr-support.o)
                0x00083bf8                _Unwind_GetRegionStart
                0x00083c10                __gnu_unwind_execute
                0x00083bd4                _Unwind_GetLanguageSpecificData
                0x00083fa8                __gnu_unwind_frame
 .text          0x00083fec       0xe8 /opt/RidgeRun/arm-eabi-uclibc/lib/gcc/arm-linux-uclibcgnueabi/4.1.1/../../../../arm-linux-uclibcgnueabi/lib/libc.a(raise.o)
                0x00083fec                __raise
                0x00083fec                __GI_raise
                0x00083fec                raise
 .text          0x000840d4        0x8 /opt/RidgeRun/arm-eabi-uclibc/lib/gcc/arm-linux-uclibcgnueabi/4.1.1/../../../../arm-linux-uclibcgnueabi/lib/libc.a(bsd-_setjmp.o)
                0x000840d4                _setjmp
 *fill*         0x000840dc        0x4 00000000
 .text          0x000840e0       0x10 /opt/RidgeRun/arm-eabi-uclibc/lib/gcc/arm-linux-uclibcgnueabi/4.1.1/../../../../arm-linux-uclibcgnueabi/lib/libc.a(libc-aeabi_read_tp.o)
                0x000840e0                __aeabi_read_tp
 .text          0x000840f0       0xc8 /opt/RidgeRun/arm-eabi-uclibc/lib/gcc/arm-linux-uclibcgnueabi/4.1.1/../../../../arm-linux-uclibcgnueabi/lib/libc.a(__syscall_fcntl.o)
                0x00084138                __libc_fcntl
                0x00084138                __GI___libc_fcntl
                0x00084138                __GI_fcntl
                0x00084138                fcntl
 .text          0x000841b8       0xb4 /opt/RidgeRun/arm-eabi-uclibc/lib/gcc/arm-linux-uclibcgnueabi/4.1.1/../../../../arm-linux-uclibcgnueabi/lib/libc.a(__syscall_fcntl64.o)
                0x000841ec                __GI_fcntl64
                0x000841ec                fcntl64
                0x000841ec                __GI___libc_fcntl64
                0x000841ec                __libc_fcntl64
 .text          0x0008426c       0x34 /opt/RidgeRun/arm-eabi-uclibc/lib/gcc/arm-linux-uclibcgnueabi/4.1.1/../../../../arm-linux-uclibcgnueabi/lib/libc.a(access.o)
                0x0008426c                access
 .text          0x000842a0       0x34 /opt/RidgeRun/arm-eabi-uclibc/lib/gcc/arm-linux-uclibcgnueabi/4.1.1/../../../../arm-linux-uclibcgnueabi/lib/libc.a(chdir.o)
                0x000842a0                chdir
                0x000842a0                __GI_chdir
 .text          0x000842d4       0x88 /opt/RidgeRun/arm-eabi-uclibc/lib/gcc/arm-linux-uclibcgnueabi/4.1.1/../../../../arm-linux-uclibcgnueabi/lib/libc.a(close.o)
                0x00084308                __GI_close
                0x00084308                __libc_close
                0x00084308                close
 .text          0x0008435c       0xf8 /opt/RidgeRun/arm-eabi-uclibc/lib/gcc/arm-linux-uclibcgnueabi/4.1.1/../../../../arm-linux-uclibcgnueabi/lib/libc.a(getcwd.o)
                0x0008435c                getcwd
                0x0008435c                __GI_getcwd
 .text          0x00084454       0x18 /opt/RidgeRun/arm-eabi-uclibc/lib/gcc/arm-linux-uclibcgnueabi/4.1.1/../../../../arm-linux-uclibcgnueabi/lib/libc.a(getpagesize.o)
                0x00084454                __GI_getpagesize
                0x00084454                getpagesize
                0x00084454                __getpagesize
 .text          0x0008446c       0x34 /opt/RidgeRun/arm-eabi-uclibc/lib/gcc/arm-linux-uclibcgnueabi/4.1.1/../../../../arm-linux-uclibcgnueabi/lib/libc.a(gettimeofday.o)
                0x0008446c                gettimeofday
                0x0008446c                __GI_gettimeofday
 .text          0x000844a0       0xb4 /opt/RidgeRun/arm-eabi-uclibc/lib/gcc/arm-linux-uclibcgnueabi/4.1.1/../../../../arm-linux-uclibcgnueabi/lib/libc.a(ioctl.o)
                0x000844d4                ioctl
                0x000844d4                __GI_ioctl
 .text          0x00084554       0x40 /opt/RidgeRun/arm-eabi-uclibc/lib/gcc/arm-linux-uclibcgnueabi/4.1.1/../../../../arm-linux-uclibcgnueabi/lib/libc.a(longjmp.o)
                0x00084554                longjmp
                0x00084554                _longjmp
                0x00084554                siglongjmp
                0x00084554                __libc_longjmp
                0x00084554                __libc_siglongjmp
 .text          0x00084594       0x3c /opt/RidgeRun/arm-eabi-uclibc/lib/gcc/arm-linux-uclibcgnueabi/4.1.1/../../../../arm-linux-uclibcgnueabi/lib/libc.a(mkdir.o)
                0x00084594                mkdir
                0x00084594                __GI_mkdir
 .text          0x000845d0       0x2c /opt/RidgeRun/arm-eabi-uclibc/lib/gcc/arm-linux-uclibcgnueabi/4.1.1/../../../../arm-linux-uclibcgnueabi/lib/libc.a(mmap.o)
                0x000845d0                mmap
                0x000845d0                __GI_mmap
 .text          0x000845fc       0x34 /opt/RidgeRun/arm-eabi-uclibc/lib/gcc/arm-linux-uclibcgnueabi/4.1.1/../../../../arm-linux-uclibcgnueabi/lib/libc.a(munmap.o)
                0x000845fc                munmap
                0x000845fc                __GI_munmap
 .text          0x00084630       0xcc /opt/RidgeRun/arm-eabi-uclibc/lib/gcc/arm-linux-uclibcgnueabi/4.1.1/../../../../arm-linux-uclibcgnueabi/lib/libc.a(open.o)
                0x000846ec                creat
                0x00084664                __GI_open
                0x00084664                __libc_open
                0x00084664                __GI___libc_open
                0x000846ec                __libc_creat
                0x00084664                open
 .text          0x000846fc       0x98 /opt/RidgeRun/arm-eabi-uclibc/lib/gcc/arm-linux-uclibcgnueabi/4.1.1/../../../../arm-linux-uclibcgnueabi/lib/libc.a(read.o)
                0x00084730                __GI_read
                0x00084730                __libc_read
                0x00084730                read
 .text          0x00084794       0x6c /opt/RidgeRun/arm-eabi-uclibc/lib/gcc/arm-linux-uclibcgnueabi/4.1.1/../../../../arm-linux-uclibcgnueabi/lib/libc.a(sigprocmask.o)
                0x00084794                __GI_sigprocmask
                0x00084794                sigprocmask
 .text          0x00084800       0x68 /opt/RidgeRun/arm-eabi-uclibc/lib/gcc/arm-linux-uclibcgnueabi/4.1.1/../../../../arm-linux-uclibcgnueabi/lib/libc.a(stat.o)
                0x00084800                __GI_stat
                0x00084800                stat
 .text          0x00084868       0x30 /opt/RidgeRun/arm-eabi-uclibc/lib/gcc/arm-linux-uclibcgnueabi/4.1.1/../../../../arm-linux-uclibcgnueabi/lib/libc.a(sync.o)
                0x00084868                sync
 .text          0x00084898       0x98 /opt/RidgeRun/arm-eabi-uclibc/lib/gcc/arm-linux-uclibcgnueabi/4.1.1/../../../../arm-linux-uclibcgnueabi/lib/libc.a(write.o)
                0x000848cc                __GI_write
                0x000848cc                write
                0x000848cc                __libc_write
 .text          0x00084930      0x144 /opt/RidgeRun/arm-eabi-uclibc/lib/gcc/arm-linux-uclibcgnueabi/4.1.1/../../../../arm-linux-uclibcgnueabi/lib/libc.a(xstatconv.o)
                0x000849c4                __xstat64_conv
                0x00084930                __xstat_conv
 .text          0x00084a74       0x14 /opt/RidgeRun/arm-eabi-uclibc/lib/gcc/arm-linux-uclibcgnueabi/4.1.1/../../../../arm-linux-uclibcgnueabi/lib/libc.a(alphasort.o)
                0x00084a74                alphasort
 .text          0x00084a88       0x7c /opt/RidgeRun/arm-eabi-uclibc/lib/gcc/arm-linux-uclibcgnueabi/4.1.1/../../../../arm-linux-uclibcgnueabi/lib/libc.a(closedir.o)
                0x00084a88                __GI_closedir
                0x00084a88                closedir
 .text          0x00084b04      0x114 /opt/RidgeRun/arm-eabi-uclibc/lib/gcc/arm-linux-uclibcgnueabi/4.1.1/../../../../arm-linux-uclibcgnueabi/lib/libc.a(opendir.o)
                0x00084b04                __GI_opendir
                0x00084b04                opendir
 .text          0x00084c18      0x1a4 /opt/RidgeRun/arm-eabi-uclibc/lib/gcc/arm-linux-uclibcgnueabi/4.1.1/../../../../arm-linux-uclibcgnueabi/lib/libc.a(scandir.o)
                0x00084c18                scandir
 .text          0x00084dbc      0x114 /opt/RidgeRun/arm-eabi-uclibc/lib/gcc/arm-linux-uclibcgnueabi/4.1.1/../../../../arm-linux-uclibcgnueabi/lib/libc.a(fclose.o)
                0x00084dbc                __GI_fclose
                0x00084dbc                fclose